#
# There is insufficient memory for the Java Runtime Environment to continue.
# Native memory allocation (malloc) failed to allocate 999216 bytes. Error detail: Chunk::new
# Possible reasons:
#   The system is out of physical RAM or swap space
#   This process is running with CompressedOops enabled, and the Java Heap may be blocking the growth of the native heap
# Possible solutions:
#   Reduce memory load on the system
#   Increase physical memory or swap space
#   Check if swap backing store is full
#   Decrease Java heap size (-Xmx/-Xms)
#   Decrease number of Java threads
#   Decrease Java thread stack sizes (-Xss)
#   Set larger code cache with -XX:ReservedCodeCacheSize=
#   JVM is running with Unscaled Compressed Oops mode in which the Java heap is
#     placed in the first 4GB address space. The Java Heap base address is the
#     maximum limit for the native heap growth. Please use -XX:HeapBaseMinAddress
#     to set the Java Heap base and to place the Java Heap above 4GB virtual address.
# This output file may be truncated or incomplete.
#
#  Out of Memory Error (arena.cpp:168), pid=21296, tid=22580
#
# JRE version: OpenJDK Runtime Environment Temurin-21.0.11+10 (21.0.11+10) (build 21.0.11+10-LTS)
# Java VM: OpenJDK 64-Bit Server VM Temurin-21.0.11+10 (21.0.11+10-LTS, mixed mode, sharing, tiered, compressed oops, compressed class ptrs, g1 gc, windows-amd64)
# No core dump will be written. Minidumps are not enabled by default on client versions of Windows
#

---------------  S U M M A R Y ------------

Command Line: -Dclassworlds.conf=C:\Users\Saanvi Jaiswal\tools\maven\apache-maven-3.9.6\bin\m2.conf -Dmaven.home=C:\Users\Saanvi Jaiswal\tools\maven\apache-maven-3.9.6 -Dlibrary.jansi.path=C:\Users\Saanvi Jaiswal\tools\maven\apache-maven-3.9.6\lib\jansi-native -Dmaven.multiModuleProjectDirectory=C:\Users\Saanvi Jaiswal\Downloads\beyondselff\backend org.codehaus.plexus.classworlds.launcher.Launcher spring-boot:run -q

Host: Intel(R) Core(TM) i7-8650U CPU @ 1.90GHz, 8 cores, 7G,  Windows 11 , 64 bit Build 26100 (10.0.26100.8328)
Time: Mon May 25 18:34:57 2026 India Standard Time elapsed time: 16.358888 seconds (0d 0h 0m 16s)

---------------  T H R E A D  ---------------

Current thread (0x000001bd6d956a00):  JavaThread "C2 CompilerThread0" daemon [_thread_in_native, id=22580, stack(0x000000aae6400000,0x000000aae6500000) (1024K)]


Current CompileTask:
C2:16359 3499       4       org.codehaus.plexus.util.xml.pull.MXParser::parseAttribute (1429 bytes)

Stack: [0x000000aae6400000,0x000000aae6500000]
Native frames: (J=compiled Java code, j=interpreted, Vv=VM code, C=native code)
V  [jvm.dll+0x6d7e19]
V  [jvm.dll+0x8b5096]
V  [jvm.dll+0x8b764e]
V  [jvm.dll+0x8b7d33]
V  [jvm.dll+0x284596]
V  [jvm.dll+0xc685d]
V  [jvm.dll+0xc6da1]
V  [jvm.dll+0x3bed31]
V  [jvm.dll+0x38b2b2]
V  [jvm.dll+0x38a6fa]
V  [jvm.dll+0x24c700]
V  [jvm.dll+0x24bce0]
V  [jvm.dll+0x1cb4ae]
V  [jvm.dll+0x25baad]
V  [jvm.dll+0x25a03a]
V  [jvm.dll+0x3f868e]
V  [jvm.dll+0x85fb0d]
V  [jvm.dll+0x6d664d]
C  [ucrtbase.dll+0x37b0]
C  [KERNEL32.DLL+0x2e957]
C  [ntdll.dll+0x427c]


---------------  P R O C E S S  ---------------

Threads class SMR info:
_java_thread_list=0x000001bd72709850, length=12, elements={
0x000001bd4e9e43e0, 0x000001bd6d942cb0, 0x000001bd6d943710, 0x000001bd6d947000,
0x000001bd6d947a60, 0x000001bd6d9484c0, 0x000001bd6d951060, 0x000001bd6d956a00,
0x000001bd6d9570b0, 0x000001bd6da8ea30, 0x000001bd6da966f0, 0x000001bd72aee7c0
}

Java Threads: ( => current thread )
  0x000001bd4e9e43e0 JavaThread "main"                              [_thread_in_Java, id=8352, stack(0x000000aae5600000,0x000000aae5700000) (1024K)]
  0x000001bd6d942cb0 JavaThread "Reference Handler"          daemon [_thread_blocked, id=7324, stack(0x000000aae5e00000,0x000000aae5f00000) (1024K)]
  0x000001bd6d943710 JavaThread "Finalizer"                  daemon [_thread_blocked, id=1016, stack(0x000000aae5f00000,0x000000aae6000000) (1024K)]
  0x000001bd6d947000 JavaThread "Signal Dispatcher"          daemon [_thread_blocked, id=20392, stack(0x000000aae6000000,0x000000aae6100000) (1024K)]
  0x000001bd6d947a60 JavaThread "Attach Listener"            daemon [_thread_blocked, id=23244, stack(0x000000aae6100000,0x000000aae6200000) (1024K)]
  0x000001bd6d9484c0 JavaThread "Service Thread"             daemon [_thread_blocked, id=22988, stack(0x000000aae6200000,0x000000aae6300000) (1024K)]
  0x000001bd6d951060 JavaThread "Monitor Deflation Thread"   daemon [_thread_blocked, id=19988, stack(0x000000aae6300000,0x000000aae6400000) (1024K)]
=>0x000001bd6d956a00 JavaThread "C2 CompilerThread0"         daemon [_thread_in_native, id=22580, stack(0x000000aae6400000,0x000000aae6500000) (1024K)]
  0x000001bd6d9570b0 JavaThread "C1 CompilerThread0"         daemon [_thread_blocked, id=15968, stack(0x000000aae6500000,0x000000aae6600000) (1024K)]
  0x000001bd6da8ea30 JavaThread "Notification Thread"        daemon [_thread_blocked, id=22900, stack(0x000000aae6600000,0x000000aae6700000) (1024K)]
  0x000001bd6da966f0 JavaThread "Common-Cleaner"             daemon [_thread_blocked, id=21956, stack(0x000000aae6700000,0x000000aae6800000) (1024K)]
  0x000001bd72aee7c0 JavaThread "C2 CompilerThread1"         daemon [_thread_in_native, id=22272, stack(0x000000aae6800000,0x000000aae6900000) (1024K)]
Total: 12

Other Threads:
  0x000001bd6d923440 VMThread "VM Thread"                           [id=19000, stack(0x000000aae5d00000,0x000000aae5e00000) (1024K)]
  0x000001bd6d907ca0 WatcherThread "VM Periodic Task Thread"        [id=12304, stack(0x000000aae5c00000,0x000000aae5d00000) (1024K)]
  0x000001bd50dc4080 WorkerThread "GC Thread#0"                     [id=17864, stack(0x000000aae5700000,0x000000aae5800000) (1024K)]
  0x000001bd73241e50 WorkerThread "GC Thread#1"                     [id=18812, stack(0x000000aae6a00000,0x000000aae6b00000) (1024K)]
  0x000001bd73242200 WorkerThread "GC Thread#2"                     [id=21032, stack(0x000000aae6b00000,0x000000aae6c00000) (1024K)]
  0x000001bd7242cd00 WorkerThread "GC Thread#3"                     [id=1900, stack(0x000000aae6c00000,0x000000aae6d00000) (1024K)]
  0x000001bd73230760 WorkerThread "GC Thread#4"                     [id=22480, stack(0x000000aae6d00000,0x000000aae6e00000) (1024K)]
  0x000001bd72ea7e50 WorkerThread "GC Thread#5"                     [id=22096, stack(0x000000aae6e00000,0x000000aae6f00000) (1024K)]
  0x000001bd72ea8610 WorkerThread "GC Thread#6"                     [id=488, stack(0x000000aae6f00000,0x000000aae7000000) (1024K)]
  0x000001bd72ea89c0 WorkerThread "GC Thread#7"                     [id=17936, stack(0x000000aae7000000,0x000000aae7100000) (1024K)]
  0x000001bd50dd61d0 ConcurrentGCThread "G1 Main Marker"            [id=16692, stack(0x000000aae5800000,0x000000aae5900000) (1024K)]
  0x000001bd50dd6ce0 WorkerThread "G1 Conc#0"                       [id=21292, stack(0x000000aae5900000,0x000000aae5a00000) (1024K)]
  0x000001bd50e2e5d0 ConcurrentGCThread "G1 Refine#0"               [id=19700, stack(0x000000aae5a00000,0x000000aae5b00000) (1024K)]
  0x000001bd6d7d82b0 ConcurrentGCThread "G1 Service"                [id=19488, stack(0x000000aae5b00000,0x000000aae5c00000) (1024K)]
Total: 14

Threads with active compile tasks:
C2 CompilerThread0  16431 3499       4       org.codehaus.plexus.util.xml.pull.MXParser::parseAttribute (1429 bytes)
Total: 1

VM state: not at safepoint (normal execution)

VM Mutex/Monitor currently owned by a thread: None

Heap address: 0x0000000082600000, size: 2010 MB, Compressed Oops mode: 32-bit

CDS archive(s) mapped at: [0x000001bd00000000-0x000001bd00c80000-0x000001bd00c80000), size 13107200, SharedBaseAddress: 0x000001bd00000000, ArchiveRelocationMode: 1.
Compressed class space mapped at: 0x000001bd01000000-0x000001bd41000000, reserved size: 1073741824
Narrow klass base: 0x000001bd00000000, Narrow klass shift: 0, Narrow klass range: 0x100000000

GC Precious Log:
 CardTable entry size: 512
 Card Set container configuration: InlinePtr #cards 5 size 8 Array Of Cards #cards 12 size 40 Howl #buckets 4 coarsen threshold 1843 Howl Bitmap #cards 512 size 80 coarsen threshold 460 Card regions per heap region 1 cards per card region 2048
 CPUs: 8 total, 8 available
 Memory: 8035M
 Large Page Support: Disabled
 NUMA Support: Disabled
 Compressed Oops: Enabled (32-bit)
 Heap Region Size: 1M
 Heap Min Capacity: 8M
 Heap Initial Capacity: 126M
 Heap Max Capacity: 2010M
 Pre-touch: Disabled
 Parallel Workers: 8
 Concurrent Workers: 2
 Concurrent Refinement Workers: 8
 Periodic GC: Disabled

Heap:
 garbage-first heap   total 129024K, used 51231K [0x0000000082600000, 0x0000000100000000)
  region size 1024K, 48 young (49152K), 3 survivors (3072K)
 Metaspace       used 15944K, committed 16192K, reserved 1114112K
  class space    used 1880K, committed 1984K, reserved 1048576K

Heap Regions: E=young(eden), S=young(survivor), O=old, HS=humongous(starts), HC=humongous(continues), CS=collection set, F=free, TAMS=top-at-mark-start, PB=parsable bottom
|   0|0x0000000082600000, 0x0000000082700000, 0x0000000082700000|100%| O|  |TAMS 0x0000000082600000| PB 0x0000000082600000| Untracked 
|   1|0x0000000082700000, 0x0000000082800000, 0x0000000082800000|100%| O|  |TAMS 0x0000000082700000| PB 0x0000000082700000| Untracked 
|   2|0x0000000082800000, 0x0000000082900000, 0x0000000082900000|100%| O|  |TAMS 0x0000000082800000| PB 0x0000000082800000| Untracked 
|   3|0x0000000082900000, 0x00000000829dd780, 0x0000000082a00000| 86%| O|  |TAMS 0x0000000082900000| PB 0x0000000082900000| Untracked 
|   4|0x0000000082a00000, 0x0000000082a00000, 0x0000000082b00000|  0%| F|  |TAMS 0x0000000082a00000| PB 0x0000000082a00000| Untracked 
|   5|0x0000000082b00000, 0x0000000082b00000, 0x0000000082c00000|  0%| F|  |TAMS 0x0000000082b00000| PB 0x0000000082b00000| Untracked 
|   6|0x0000000082c00000, 0x0000000082c00000, 0x0000000082d00000|  0%| F|  |TAMS 0x0000000082c00000| PB 0x0000000082c00000| Untracked 
|   7|0x0000000082d00000, 0x0000000082d00000, 0x0000000082e00000|  0%| F|  |TAMS 0x0000000082d00000| PB 0x0000000082d00000| Untracked 
|   8|0x0000000082e00000, 0x0000000082e00000, 0x0000000082f00000|  0%| F|  |TAMS 0x0000000082e00000| PB 0x0000000082e00000| Untracked 
|   9|0x0000000082f00000, 0x0000000082f00000, 0x0000000083000000|  0%| F|  |TAMS 0x0000000082f00000| PB 0x0000000082f00000| Untracked 
|  10|0x0000000083000000, 0x0000000083000000, 0x0000000083100000|  0%| F|  |TAMS 0x0000000083000000| PB 0x0000000083000000| Untracked 
|  11|0x0000000083100000, 0x0000000083100000, 0x0000000083200000|  0%| F|  |TAMS 0x0000000083100000| PB 0x0000000083100000| Untracked 
|  12|0x0000000083200000, 0x0000000083200000, 0x0000000083300000|  0%| F|  |TAMS 0x0000000083200000| PB 0x0000000083200000| Untracked 
|  13|0x0000000083300000, 0x0000000083300000, 0x0000000083400000|  0%| F|  |TAMS 0x0000000083300000| PB 0x0000000083300000| Untracked 
|  14|0x0000000083400000, 0x0000000083400000, 0x0000000083500000|  0%| F|  |TAMS 0x0000000083400000| PB 0x0000000083400000| Untracked 
|  15|0x0000000083500000, 0x0000000083500000, 0x0000000083600000|  0%| F|  |TAMS 0x0000000083500000| PB 0x0000000083500000| Untracked 
|  16|0x0000000083600000, 0x0000000083600000, 0x0000000083700000|  0%| F|  |TAMS 0x0000000083600000| PB 0x0000000083600000| Untracked 
|  17|0x0000000083700000, 0x0000000083700000, 0x0000000083800000|  0%| F|  |TAMS 0x0000000083700000| PB 0x0000000083700000| Untracked 
|  18|0x0000000083800000, 0x0000000083800000, 0x0000000083900000|  0%| F|  |TAMS 0x0000000083800000| PB 0x0000000083800000| Untracked 
|  19|0x0000000083900000, 0x0000000083900000, 0x0000000083a00000|  0%| F|  |TAMS 0x0000000083900000| PB 0x0000000083900000| Untracked 
|  20|0x0000000083a00000, 0x0000000083a00000, 0x0000000083b00000|  0%| F|  |TAMS 0x0000000083a00000| PB 0x0000000083a00000| Untracked 
|  21|0x0000000083b00000, 0x0000000083b00000, 0x0000000083c00000|  0%| F|  |TAMS 0x0000000083b00000| PB 0x0000000083b00000| Untracked 
|  22|0x0000000083c00000, 0x0000000083c00000, 0x0000000083d00000|  0%| F|  |TAMS 0x0000000083c00000| PB 0x0000000083c00000| Untracked 
|  23|0x0000000083d00000, 0x0000000083d00000, 0x0000000083e00000|  0%| F|  |TAMS 0x0000000083d00000| PB 0x0000000083d00000| Untracked 
|  24|0x0000000083e00000, 0x0000000083e00000, 0x0000000083f00000|  0%| F|  |TAMS 0x0000000083e00000| PB 0x0000000083e00000| Untracked 
|  25|0x0000000083f00000, 0x0000000083f00000, 0x0000000084000000|  0%| F|  |TAMS 0x0000000083f00000| PB 0x0000000083f00000| Untracked 
|  26|0x0000000084000000, 0x0000000084000000, 0x0000000084100000|  0%| F|  |TAMS 0x0000000084000000| PB 0x0000000084000000| Untracked 
|  27|0x0000000084100000, 0x0000000084100000, 0x0000000084200000|  0%| F|  |TAMS 0x0000000084100000| PB 0x0000000084100000| Untracked 
|  28|0x0000000084200000, 0x0000000084200000, 0x0000000084300000|  0%| F|  |TAMS 0x0000000084200000| PB 0x0000000084200000| Untracked 
|  29|0x0000000084300000, 0x0000000084300000, 0x0000000084400000|  0%| F|  |TAMS 0x0000000084300000| PB 0x0000000084300000| Untracked 
|  30|0x0000000084400000, 0x0000000084400000, 0x0000000084500000|  0%| F|  |TAMS 0x0000000084400000| PB 0x0000000084400000| Untracked 
|  31|0x0000000084500000, 0x0000000084500000, 0x0000000084600000|  0%| F|  |TAMS 0x0000000084500000| PB 0x0000000084500000| Untracked 
|  32|0x0000000084600000, 0x0000000084600000, 0x0000000084700000|  0%| F|  |TAMS 0x0000000084600000| PB 0x0000000084600000| Untracked 
|  33|0x0000000084700000, 0x0000000084700000, 0x0000000084800000|  0%| F|  |TAMS 0x0000000084700000| PB 0x0000000084700000| Untracked 
|  34|0x0000000084800000, 0x0000000084800000, 0x0000000084900000|  0%| F|  |TAMS 0x0000000084800000| PB 0x0000000084800000| Untracked 
|  35|0x0000000084900000, 0x0000000084900000, 0x0000000084a00000|  0%| F|  |TAMS 0x0000000084900000| PB 0x0000000084900000| Untracked 
|  36|0x0000000084a00000, 0x0000000084a00000, 0x0000000084b00000|  0%| F|  |TAMS 0x0000000084a00000| PB 0x0000000084a00000| Untracked 
|  37|0x0000000084b00000, 0x0000000084b00000, 0x0000000084c00000|  0%| F|  |TAMS 0x0000000084b00000| PB 0x0000000084b00000| Untracked 
|  38|0x0000000084c00000, 0x0000000084c00000, 0x0000000084d00000|  0%| F|  |TAMS 0x0000000084c00000| PB 0x0000000084c00000| Untracked 
|  39|0x0000000084d00000, 0x0000000084d00000, 0x0000000084e00000|  0%| F|  |TAMS 0x0000000084d00000| PB 0x0000000084d00000| Untracked 
|  40|0x0000000084e00000, 0x0000000084e00000, 0x0000000084f00000|  0%| F|  |TAMS 0x0000000084e00000| PB 0x0000000084e00000| Untracked 
|  41|0x0000000084f00000, 0x0000000084f00000, 0x0000000085000000|  0%| F|  |TAMS 0x0000000084f00000| PB 0x0000000084f00000| Untracked 
|  42|0x0000000085000000, 0x0000000085000000, 0x0000000085100000|  0%| F|  |TAMS 0x0000000085000000| PB 0x0000000085000000| Untracked 
|  43|0x0000000085100000, 0x0000000085100000, 0x0000000085200000|  0%| F|  |TAMS 0x0000000085100000| PB 0x0000000085100000| Untracked 
|  44|0x0000000085200000, 0x0000000085200000, 0x0000000085300000|  0%| F|  |TAMS 0x0000000085200000| PB 0x0000000085200000| Untracked 
|  45|0x0000000085300000, 0x0000000085300000, 0x0000000085400000|  0%| F|  |TAMS 0x0000000085300000| PB 0x0000000085300000| Untracked 
|  46|0x0000000085400000, 0x0000000085400000, 0x0000000085500000|  0%| F|  |TAMS 0x0000000085400000| PB 0x0000000085400000| Untracked 
|  47|0x0000000085500000, 0x0000000085500000, 0x0000000085600000|  0%| F|  |TAMS 0x0000000085500000| PB 0x0000000085500000| Untracked 
|  48|0x0000000085600000, 0x0000000085600000, 0x0000000085700000|  0%| F|  |TAMS 0x0000000085600000| PB 0x0000000085600000| Untracked 
|  49|0x0000000085700000, 0x0000000085700000, 0x0000000085800000|  0%| F|  |TAMS 0x0000000085700000| PB 0x0000000085700000| Untracked 
|  50|0x0000000085800000, 0x0000000085800000, 0x0000000085900000|  0%| F|  |TAMS 0x0000000085800000| PB 0x0000000085800000| Untracked 
|  51|0x0000000085900000, 0x0000000085900000, 0x0000000085a00000|  0%| F|  |TAMS 0x0000000085900000| PB 0x0000000085900000| Untracked 
|  52|0x0000000085a00000, 0x0000000085a00000, 0x0000000085b00000|  0%| F|  |TAMS 0x0000000085a00000| PB 0x0000000085a00000| Untracked 
|  53|0x0000000085b00000, 0x0000000085b00000, 0x0000000085c00000|  0%| F|  |TAMS 0x0000000085b00000| PB 0x0000000085b00000| Untracked 
|  54|0x0000000085c00000, 0x0000000085c00000, 0x0000000085d00000|  0%| F|  |TAMS 0x0000000085c00000| PB 0x0000000085c00000| Untracked 
|  55|0x0000000085d00000, 0x0000000085d00000, 0x0000000085e00000|  0%| F|  |TAMS 0x0000000085d00000| PB 0x0000000085d00000| Untracked 
|  56|0x0000000085e00000, 0x0000000085e00000, 0x0000000085f00000|  0%| F|  |TAMS 0x0000000085e00000| PB 0x0000000085e00000| Untracked 
|  57|0x0000000085f00000, 0x0000000085f00000, 0x0000000086000000|  0%| F|  |TAMS 0x0000000085f00000| PB 0x0000000085f00000| Untracked 
|  58|0x0000000086000000, 0x0000000086000000, 0x0000000086100000|  0%| F|  |TAMS 0x0000000086000000| PB 0x0000000086000000| Untracked 
|  59|0x0000000086100000, 0x0000000086100000, 0x0000000086200000|  0%| F|  |TAMS 0x0000000086100000| PB 0x0000000086100000| Untracked 
|  60|0x0000000086200000, 0x0000000086200000, 0x0000000086300000|  0%| F|  |TAMS 0x0000000086200000| PB 0x0000000086200000| Untracked 
|  61|0x0000000086300000, 0x0000000086300000, 0x0000000086400000|  0%| F|  |TAMS 0x0000000086300000| PB 0x0000000086300000| Untracked 
|  62|0x0000000086400000, 0x0000000086400000, 0x0000000086500000|  0%| F|  |TAMS 0x0000000086400000| PB 0x0000000086400000| Untracked 
|  63|0x0000000086500000, 0x0000000086500000, 0x0000000086600000|  0%| F|  |TAMS 0x0000000086500000| PB 0x0000000086500000| Untracked 
|  64|0x0000000086600000, 0x0000000086600000, 0x0000000086700000|  0%| F|  |TAMS 0x0000000086600000| PB 0x0000000086600000| Untracked 
|  65|0x0000000086700000, 0x0000000086700000, 0x0000000086800000|  0%| F|  |TAMS 0x0000000086700000| PB 0x0000000086700000| Untracked 
|  66|0x0000000086800000, 0x0000000086800000, 0x0000000086900000|  0%| F|  |TAMS 0x0000000086800000| PB 0x0000000086800000| Untracked 
|  67|0x0000000086900000, 0x0000000086900000, 0x0000000086a00000|  0%| F|  |TAMS 0x0000000086900000| PB 0x0000000086900000| Untracked 
|  68|0x0000000086a00000, 0x0000000086a00000, 0x0000000086b00000|  0%| F|  |TAMS 0x0000000086a00000| PB 0x0000000086a00000| Untracked 
|  69|0x0000000086b00000, 0x0000000086b00000, 0x0000000086c00000|  0%| F|  |TAMS 0x0000000086b00000| PB 0x0000000086b00000| Untracked 
|  70|0x0000000086c00000, 0x0000000086c00000, 0x0000000086d00000|  0%| F|  |TAMS 0x0000000086c00000| PB 0x0000000086c00000| Untracked 
|  71|0x0000000086d00000, 0x0000000086d00000, 0x0000000086e00000|  0%| F|  |TAMS 0x0000000086d00000| PB 0x0000000086d00000| Untracked 
|  72|0x0000000086e00000, 0x0000000086e00000, 0x0000000086f00000|  0%| F|  |TAMS 0x0000000086e00000| PB 0x0000000086e00000| Untracked 
|  73|0x0000000086f00000, 0x0000000086f00000, 0x0000000087000000|  0%| F|  |TAMS 0x0000000086f00000| PB 0x0000000086f00000| Untracked 
|  74|0x0000000087000000, 0x0000000087000000, 0x0000000087100000|  0%| F|  |TAMS 0x0000000087000000| PB 0x0000000087000000| Untracked 
|  75|0x0000000087100000, 0x0000000087100000, 0x0000000087200000|  0%| F|  |TAMS 0x0000000087100000| PB 0x0000000087100000| Untracked 
|  76|0x0000000087200000, 0x0000000087200000, 0x0000000087300000|  0%| F|  |TAMS 0x0000000087200000| PB 0x0000000087200000| Untracked 
|  77|0x0000000087300000, 0x0000000087300000, 0x0000000087400000|  0%| F|  |TAMS 0x0000000087300000| PB 0x0000000087300000| Untracked 
|  78|0x0000000087400000, 0x0000000087500000, 0x0000000087500000|100%| E|  |TAMS 0x0000000087400000| PB 0x0000000087400000| Complete 
|  79|0x0000000087500000, 0x0000000087600000, 0x0000000087600000|100%| E|CS|TAMS 0x0000000087500000| PB 0x0000000087500000| Complete 
|  80|0x0000000087600000, 0x0000000087700000, 0x0000000087700000|100%| E|CS|TAMS 0x0000000087600000| PB 0x0000000087600000| Complete 
|  81|0x0000000087700000, 0x0000000087800000, 0x0000000087800000|100%| E|CS|TAMS 0x0000000087700000| PB 0x0000000087700000| Complete 
|  82|0x0000000087800000, 0x0000000087900000, 0x0000000087900000|100%| E|CS|TAMS 0x0000000087800000| PB 0x0000000087800000| Complete 
|  83|0x0000000087900000, 0x0000000087a00000, 0x0000000087a00000|100%| E|CS|TAMS 0x0000000087900000| PB 0x0000000087900000| Complete 
|  84|0x0000000087a00000, 0x0000000087b00000, 0x0000000087b00000|100%| E|CS|TAMS 0x0000000087a00000| PB 0x0000000087a00000| Complete 
|  85|0x0000000087b00000, 0x0000000087c00000, 0x0000000087c00000|100%| E|CS|TAMS 0x0000000087b00000| PB 0x0000000087b00000| Complete 
|  86|0x0000000087c00000, 0x0000000087d00000, 0x0000000087d00000|100%| E|CS|TAMS 0x0000000087c00000| PB 0x0000000087c00000| Complete 
|  87|0x0000000087d00000, 0x0000000087e00000, 0x0000000087e00000|100%| E|CS|TAMS 0x0000000087d00000| PB 0x0000000087d00000| Complete 
|  88|0x0000000087e00000, 0x0000000087f00000, 0x0000000087f00000|100%| E|CS|TAMS 0x0000000087e00000| PB 0x0000000087e00000| Complete 
|  89|0x0000000087f00000, 0x0000000088000000, 0x0000000088000000|100%| E|CS|TAMS 0x0000000087f00000| PB 0x0000000087f00000| Complete 
|  90|0x0000000088000000, 0x000000008802a610, 0x0000000088100000| 16%| S|CS|TAMS 0x0000000088000000| PB 0x0000000088000000| Complete 
|  91|0x0000000088100000, 0x0000000088200000, 0x0000000088200000|100%| S|CS|TAMS 0x0000000088100000| PB 0x0000000088100000| Complete 
|  92|0x0000000088200000, 0x0000000088300000, 0x0000000088300000|100%| S|CS|TAMS 0x0000000088200000| PB 0x0000000088200000| Complete 
|  93|0x0000000088300000, 0x0000000088400000, 0x0000000088400000|100%| E|CS|TAMS 0x0000000088300000| PB 0x0000000088300000| Complete 
|  94|0x0000000088400000, 0x0000000088500000, 0x0000000088500000|100%| E|CS|TAMS 0x0000000088400000| PB 0x0000000088400000| Complete 
|  95|0x0000000088500000, 0x0000000088600000, 0x0000000088600000|100%| E|CS|TAMS 0x0000000088500000| PB 0x0000000088500000| Complete 
|  96|0x0000000088600000, 0x0000000088700000, 0x0000000088700000|100%| E|CS|TAMS 0x0000000088600000| PB 0x0000000088600000| Complete 
|  97|0x0000000088700000, 0x0000000088800000, 0x0000000088800000|100%| E|CS|TAMS 0x0000000088700000| PB 0x0000000088700000| Complete 
|  98|0x0000000088800000, 0x0000000088900000, 0x0000000088900000|100%| E|CS|TAMS 0x0000000088800000| PB 0x0000000088800000| Complete 
|  99|0x0000000088900000, 0x0000000088a00000, 0x0000000088a00000|100%| E|CS|TAMS 0x0000000088900000| PB 0x0000000088900000| Complete 
| 100|0x0000000088a00000, 0x0000000088b00000, 0x0000000088b00000|100%| E|CS|TAMS 0x0000000088a00000| PB 0x0000000088a00000| Complete 
| 101|0x0000000088b00000, 0x0000000088c00000, 0x0000000088c00000|100%| E|CS|TAMS 0x0000000088b00000| PB 0x0000000088b00000| Complete 
| 102|0x0000000088c00000, 0x0000000088d00000, 0x0000000088d00000|100%| E|CS|TAMS 0x0000000088c00000| PB 0x0000000088c00000| Complete 
| 103|0x0000000088d00000, 0x0000000088e00000, 0x0000000088e00000|100%| E|CS|TAMS 0x0000000088d00000| PB 0x0000000088d00000| Complete 
| 104|0x0000000088e00000, 0x0000000088f00000, 0x0000000088f00000|100%| E|CS|TAMS 0x0000000088e00000| PB 0x0000000088e00000| Complete 
| 105|0x0000000088f00000, 0x0000000089000000, 0x0000000089000000|100%| E|CS|TAMS 0x0000000088f00000| PB 0x0000000088f00000| Complete 
| 106|0x0000000089000000, 0x0000000089100000, 0x0000000089100000|100%| E|CS|TAMS 0x0000000089000000| PB 0x0000000089000000| Complete 
| 107|0x0000000089100000, 0x0000000089200000, 0x0000000089200000|100%| E|CS|TAMS 0x0000000089100000| PB 0x0000000089100000| Complete 
| 108|0x0000000089200000, 0x0000000089300000, 0x0000000089300000|100%| E|CS|TAMS 0x0000000089200000| PB 0x0000000089200000| Complete 
| 109|0x0000000089300000, 0x0000000089400000, 0x0000000089400000|100%| E|CS|TAMS 0x0000000089300000| PB 0x0000000089300000| Complete 
| 110|0x0000000089400000, 0x0000000089500000, 0x0000000089500000|100%| E|CS|TAMS 0x0000000089400000| PB 0x0000000089400000| Complete 
| 111|0x0000000089500000, 0x0000000089600000, 0x0000000089600000|100%| E|CS|TAMS 0x0000000089500000| PB 0x0000000089500000| Complete 
| 112|0x0000000089600000, 0x0000000089700000, 0x0000000089700000|100%| E|CS|TAMS 0x0000000089600000| PB 0x0000000089600000| Complete 
| 113|0x0000000089700000, 0x0000000089800000, 0x0000000089800000|100%| E|CS|TAMS 0x0000000089700000| PB 0x0000000089700000| Complete 
| 114|0x0000000089800000, 0x0000000089900000, 0x0000000089900000|100%| E|CS|TAMS 0x0000000089800000| PB 0x0000000089800000| Complete 
| 115|0x0000000089900000, 0x0000000089a00000, 0x0000000089a00000|100%| E|CS|TAMS 0x0000000089900000| PB 0x0000000089900000| Complete 
| 116|0x0000000089a00000, 0x0000000089b00000, 0x0000000089b00000|100%| E|CS|TAMS 0x0000000089a00000| PB 0x0000000089a00000| Complete 
| 117|0x0000000089b00000, 0x0000000089c00000, 0x0000000089c00000|100%| E|CS|TAMS 0x0000000089b00000| PB 0x0000000089b00000| Complete 
| 118|0x0000000089c00000, 0x0000000089d00000, 0x0000000089d00000|100%| E|CS|TAMS 0x0000000089c00000| PB 0x0000000089c00000| Complete 
| 119|0x0000000089d00000, 0x0000000089e00000, 0x0000000089e00000|100%| E|CS|TAMS 0x0000000089d00000| PB 0x0000000089d00000| Complete 
| 120|0x0000000089e00000, 0x0000000089f00000, 0x0000000089f00000|100%| E|CS|TAMS 0x0000000089e00000| PB 0x0000000089e00000| Complete 
| 121|0x0000000089f00000, 0x000000008a000000, 0x000000008a000000|100%| E|CS|TAMS 0x0000000089f00000| PB 0x0000000089f00000| Complete 
| 122|0x000000008a000000, 0x000000008a100000, 0x000000008a100000|100%| E|CS|TAMS 0x000000008a000000| PB 0x000000008a000000| Complete 
| 123|0x000000008a100000, 0x000000008a200000, 0x000000008a200000|100%| E|CS|TAMS 0x000000008a100000| PB 0x000000008a100000| Complete 
| 124|0x000000008a200000, 0x000000008a300000, 0x000000008a300000|100%| E|CS|TAMS 0x000000008a200000| PB 0x000000008a200000| Complete 
| 125|0x000000008a300000, 0x000000008a400000, 0x000000008a400000|100%| E|CS|TAMS 0x000000008a300000| PB 0x000000008a300000| Complete 

Card table byte_map: [0x000001bd68bb0000,0x000001bd68fa0000] _byte_map_base: 0x000001bd6879d000

Marking Bits: (CMBitMap*) 0x000001bd50dc4790
 Bits: [0x000001bd68fa0000, 0x000001bd6af08000)

Polling page: 0x000001bd4ee00000

Metaspace:

Usage:
  Non-class:     13.73 MB used.
      Class:      1.84 MB used.
       Both:     15.57 MB used.

Virtual space:
  Non-class space:       64.00 MB reserved,      13.88 MB ( 22%) committed,  1 nodes.
      Class space:        1.00 GB reserved,       1.94 MB ( <1%) committed,  1 nodes.
             Both:        1.06 GB reserved,      15.81 MB (  1%) committed. 

Chunk freelists:
   Non-Class:  1.84 MB
       Class:  13.92 MB
        Both:  15.77 MB

MaxMetaspaceSize: unlimited
CompressedClassSpaceSize: 1.00 GB
Initial GC threshold: 21.00 MB
Current GC threshold: 21.00 MB
CDS: on
 - commit_granule_bytes: 65536.
 - commit_granule_words: 8192.
 - virtual_space_node_default_size: 8388608.
 - enlarge_chunks_in_place: 1.
 - use_allocation_guard: 0.


Internal statistics:

num_allocs_failed_limit: 0.
num_arena_births: 156.
num_arena_deaths: 0.
num_vsnodes_births: 2.
num_vsnodes_deaths: 0.
num_space_committed: 253.
num_space_uncommitted: 0.
num_chunks_returned_to_freelist: 0.
num_chunks_taken_from_freelist: 673.
num_chunk_merges: 0.
num_chunk_splits: 477.
num_chunks_enlarged: 398.
num_inconsistent_stats: 0.

CodeHeap 'non-profiled nmethods': size=120000Kb used=1512Kb max_used=1512Kb free=118487Kb
 bounds [0x000001bd60f60000, 0x000001bd611d0000, 0x000001bd68490000]
CodeHeap 'profiled nmethods': size=120000Kb used=7098Kb max_used=7098Kb free=112901Kb
 bounds [0x000001bd59490000, 0x000001bd59b80000, 0x000001bd609c0000]
CodeHeap 'non-nmethods': size=5760Kb used=1328Kb max_used=1382Kb free=4431Kb
 bounds [0x000001bd609c0000, 0x000001bd60c30000, 0x000001bd60f60000]
CodeCache: size=245760Kb, used=9938Kb, max_used=9992Kb, free=235819Kb
 total_blobs=4069, nmethods=3580, adapters=393, full_count=0
Compilation: enabled, stopped_count=0, restarted_count=0

Compilation events (20 events):
Event: 16.303 Thread 0x000001bd6d9570b0 3563       3       org.eclipse.aether.util.graph.manager.ClassicDependencyManager::getKey (9 bytes)
Event: 16.304 Thread 0x000001bd6d9570b0 nmethod 3563 0x000001bd59b72710 code [0x000001bd59b728c0, 0x000001bd59b72a60]
Event: 16.304 Thread 0x000001bd6d9570b0 3565       3       java.util.HashMap::putVal (300 bytes)
Event: 16.306 Thread 0x000001bd6d9570b0 nmethod 3565 0x000001bd59b72b10 code [0x000001bd59b72de0, 0x000001bd59b73f60]
Event: 16.306 Thread 0x000001bd6d9570b0 3564       3       org.eclipse.aether.util.graph.manager.ClassicDependencyManager$Key::<init> (48 bytes)
Event: 16.306 Thread 0x000001bd6d9570b0 nmethod 3564 0x000001bd59b74410 code [0x000001bd59b745e0, 0x000001bd59b748e8]
Event: 16.329 Thread 0x000001bd72aee7c0 nmethod 3552 0x000001bd610d7090 code [0x000001bd610d7240, 0x000001bd610d7690]
Event: 16.330 Thread 0x000001bd72aee7c0 3566       4       java.util.HashMap::put (13 bytes)
Event: 16.347 Thread 0x000001bd6d9570b0 3567       3       java.io.FileDescriptor::<init> (17 bytes)
Event: 16.347 Thread 0x000001bd6d9570b0 nmethod 3567 0x000001bd59b74a90 code [0x000001bd59b74c40, 0x000001bd59b74db8]
Event: 16.351 Thread 0x000001bd6d9570b0 3568       3       java.io.FileCleanable::register (49 bytes)
Event: 16.352 Thread 0x000001bd6d9570b0 nmethod 3568 0x000001bd59b74e90 code [0x000001bd59b750a0, 0x000001bd59b758c0]
Event: 16.352 Thread 0x000001bd6d9570b0 3571       3       java.util.HashSet::add (20 bytes)
Event: 16.353 Thread 0x000001bd6d9570b0 nmethod 3571 0x000001bd59b75b90 code [0x000001bd59b75d40, 0x000001bd59b75f78]
Event: 16.353 Thread 0x000001bd6d9570b0 3569       3       java.io.FileDescriptor$1::get (5 bytes)
Event: 16.353 Thread 0x000001bd6d9570b0 nmethod 3569 0x000001bd59b76010 code [0x000001bd59b761a0, 0x000001bd59b762b8]
Event: 16.353 Thread 0x000001bd6d9570b0 3570  s    3       java.io.FileDescriptor::registerCleanup (27 bytes)
Event: 16.354 Thread 0x000001bd6d9570b0 nmethod 3570 0x000001bd59b76390 code [0x000001bd59b76560, 0x000001bd59b769f8]
Event: 16.354 Thread 0x000001bd6d9570b0 3572       1       org.apache.maven.model.Profile::setActivation (6 bytes)
Event: 16.354 Thread 0x000001bd6d9570b0 nmethod 3572 0x000001bd610d7810 code [0x000001bd610d79a0, 0x000001bd610d7ab0]

GC Heap History (4 events):
Event: 8.895 GC heap before
{Heap before GC invocations=0 (full 0):
 garbage-first heap   total 129024K, used 23552K [0x0000000082600000, 0x0000000100000000)
  region size 1024K, 23 young (23552K), 0 survivors (0K)
 Metaspace       used 5863K, committed 6016K, reserved 1114112K
  class space    used 685K, committed 768K, reserved 1048576K
}
Event: 8.908 GC heap after
{Heap after GC invocations=1 (full 0):
 garbage-first heap   total 129024K, used 3859K [0x0000000082600000, 0x0000000100000000)
  region size 1024K, 3 young (3072K), 3 survivors (3072K)
 Metaspace       used 5863K, committed 6016K, reserved 1114112K
  class space    used 685K, committed 768K, reserved 1048576K
}
Event: 10.595 GC heap before
{Heap before GC invocations=1 (full 0):
 garbage-first heap   total 129024K, used 33555K [0x0000000082600000, 0x0000000100000000)
  region size 1024K, 33 young (33792K), 3 survivors (3072K)
 Metaspace       used 10703K, committed 10880K, reserved 1114112K
  class space    used 1289K, committed 1344K, reserved 1048576K
}
Event: 10.610 GC heap after
{Heap after GC invocations=2 (full 0):
 garbage-first heap   total 129024K, used 6175K [0x0000000082600000, 0x0000000100000000)
  region size 1024K, 3 young (3072K), 3 survivors (3072K)
 Metaspace       used 10703K, committed 10880K, reserved 1114112K
  class space    used 1289K, committed 1344K, reserved 1048576K
}

Dll operation events (8 events):
Event: 0.212 Loaded shared library C:\Users\Saanvi Jaiswal\tools\jdk\jdk-21.0.11+10\bin\java.dll
Event: 0.366 Loaded shared library C:\Users\Saanvi Jaiswal\tools\jdk\jdk-21.0.11+10\bin\jsvml.dll
Event: 0.430 Loaded shared library C:\Users\Saanvi Jaiswal\tools\jdk\jdk-21.0.11+10\bin\net.dll
Event: 0.490 Loaded shared library C:\Users\Saanvi Jaiswal\tools\jdk\jdk-21.0.11+10\bin\nio.dll
Event: 0.572 Loaded shared library C:\Users\Saanvi Jaiswal\tools\jdk\jdk-21.0.11+10\bin\zip.dll
Event: 6.894 Loaded shared library C:\Users\Saanvi Jaiswal\tools\jdk\jdk-21.0.11+10\bin\jimage.dll
Event: 7.015 Loaded shared library C:\Users\Saanvi Jaiswal\tools\maven\apache-maven-3.9.6\lib\jansi-native\Windows\x86_64\jansi.dll
Event: 7.093 Loaded shared library C:\Users\Saanvi Jaiswal\tools\jdk\jdk-21.0.11+10\bin\verify.dll

Deoptimization events (20 events):
Event: 16.216 Thread 0x000001bd4e9e43e0 Uncommon trap: trap_request=0xffffff45 fr.pc=0x000001bd61081df0 relative=0x00000000000002b0
Event: 16.216 Thread 0x000001bd4e9e43e0 Uncommon trap: reason=unstable_if action=reinterpret pc=0x000001bd61081df0 method=java.util.HashMap.hash(Ljava/lang/Object;)I @ 1 c2
Event: 16.216 Thread 0x000001bd4e9e43e0 DEOPT PACKING pc=0x000001bd61081df0 sp=0x000000aae56fea60
Event: 16.216 Thread 0x000001bd4e9e43e0 DEOPT UNPACKING pc=0x000001bd60a14422 sp=0x000000aae56fe8f8 mode 2
Event: 16.216 Thread 0x000001bd4e9e43e0 Uncommon trap: trap_request=0xffffff45 fr.pc=0x000001bd61072c6c relative=0x000000000000092c
Event: 16.216 Thread 0x000001bd4e9e43e0 Uncommon trap: reason=unstable_if action=reinterpret pc=0x000001bd61072c6c method=java.util.HashMap.hash(Ljava/lang/Object;)I @ 1 c2
Event: 16.216 Thread 0x000001bd4e9e43e0 DEOPT PACKING pc=0x000001bd61072c6c sp=0x000000aae56fea70
Event: 16.216 Thread 0x000001bd4e9e43e0 DEOPT UNPACKING pc=0x000001bd60a14422 sp=0x000000aae56fea00 mode 2
Event: 16.295 Thread 0x000001bd4e9e43e0 Uncommon trap: trap_request=0xffffff45 fr.pc=0x000001bd6109c6f0 relative=0x0000000000000130
Event: 16.295 Thread 0x000001bd4e9e43e0 Uncommon trap: reason=unstable_if action=reinterpret pc=0x000001bd6109c6f0 method=java.util.HashMap.getNode(Ljava/lang/Object;)Ljava/util/HashMap$Node; @ 66 c2
Event: 16.295 Thread 0x000001bd4e9e43e0 DEOPT PACKING pc=0x000001bd6109c6f0 sp=0x000000aae56fdd70
Event: 16.295 Thread 0x000001bd4e9e43e0 DEOPT UNPACKING pc=0x000001bd60a14422 sp=0x000000aae56fdc88 mode 2
Event: 16.295 Thread 0x000001bd4e9e43e0 Uncommon trap: trap_request=0xffffff45 fr.pc=0x000001bd61046394 relative=0x00000000000001d4
Event: 16.295 Thread 0x000001bd4e9e43e0 Uncommon trap: reason=unstable_if action=reinterpret pc=0x000001bd61046394 method=java.util.HashMap.getNode(Ljava/lang/Object;)Ljava/util/HashMap$Node; @ 131 c2
Event: 16.296 Thread 0x000001bd4e9e43e0 DEOPT PACKING pc=0x000001bd61046394 sp=0x000000aae56fdd10
Event: 16.296 Thread 0x000001bd4e9e43e0 DEOPT UNPACKING pc=0x000001bd60a14422 sp=0x000000aae56fdc90 mode 2
Event: 16.302 Thread 0x000001bd4e9e43e0 Uncommon trap: trap_request=0xffffff45 fr.pc=0x000001bd610d69c0 relative=0x0000000000000880
Event: 16.303 Thread 0x000001bd4e9e43e0 Uncommon trap: reason=unstable_if action=reinterpret pc=0x000001bd610d69c0 method=java.util.HashMap.putVal(ILjava/lang/Object;Ljava/lang/Object;ZZ)Ljava/lang/Object; @ 94 c2
Event: 16.303 Thread 0x000001bd4e9e43e0 DEOPT PACKING pc=0x000001bd610d69c0 sp=0x000000aae56fdc90
Event: 16.303 Thread 0x000001bd4e9e43e0 DEOPT UNPACKING pc=0x000001bd60a14422 sp=0x000000aae56fdc28 mode 2

Classes loaded (20 events):
Event: 12.282 Loading class java/util/StringTokenizer
Event: 12.283 Loading class java/util/StringTokenizer done
Event: 12.286 Loading class java/math/BigDecimal
Event: 12.288 Loading class java/math/BigDecimal done
Event: 12.288 Loading class java/lang/Short$ShortCache
Event: 12.289 Loading class java/lang/Short$ShortCache done
Event: 12.289 Loading class java/lang/Byte$ByteCache
Event: 12.289 Loading class java/lang/Byte$ByteCache done
Event: 15.128 Loading class java/util/stream/MatchOps$MatchKind
Event: 15.129 Loading class java/util/stream/MatchOps$MatchKind done
Event: 15.129 Loading class java/util/stream/MatchOps
Event: 15.129 Loading class java/util/stream/MatchOps done
Event: 15.129 Loading class java/util/stream/MatchOps$MatchOp
Event: 15.130 Loading class java/util/stream/MatchOps$MatchOp done
Event: 15.130 Loading class java/util/stream/MatchOps$BooleanTerminalSink
Event: 15.130 Loading class java/util/stream/MatchOps$BooleanTerminalSink done
Event: 15.130 Loading class java/util/stream/MatchOps$1MatchSink
Event: 15.131 Loading class java/util/stream/MatchOps$1MatchSink done
Event: 15.333 Loading class java/util/LinkedList$LLSpliterator
Event: 15.333 Loading class java/util/LinkedList$LLSpliterator done

Classes unloaded (0 events):
No events

Classes redefined (0 events):
No events

Internal exceptions (20 events):
Event: 10.635 Thread 0x000001bd4e9e43e0 Exception <a 'java/lang/ExceptionInInitializerError'{0x000000008a352528}> (0x000000008a352528) 
thrown [s\src\hotspot\share\oops\instanceKlass.cpp, line 1218]
Event: 10.719 Thread 0x000001bd4e9e43e0 Exception <a 'java/lang/NoSuchMethodError'{0x000000008a28f090}: 'long java.lang.invoke.DirectMethodHandle$Holder.invokeStatic(java.lang.Object, java.lang.Object, int)'> (0x000000008a28f090) 
thrown [s\src\hotspot\share\interpreter\linkResolver.cpp, line 773]
Event: 10.723 Thread 0x000001bd4e9e43e0 Exception <a 'java/lang/NoSuchMethodError'{0x000000008a2a25e8}: 'java.lang.Object java.lang.invoke.DirectMethodHandle$Holder.invokeStatic(java.lang.Object, java.lang.Object, java.lang.Object, java.lang.Object, int)'> (0x000000008a2a25e8) 
thrown [s\src\hotspot\share\interpreter\linkResolver.cpp, line 773]
Event: 10.729 Thread 0x000001bd4e9e43e0 Exception <a 'java/lang/NoSuchMethodError'{0x000000008a2aabc0}: 'java.lang.Object java.lang.invoke.DirectMethodHandle$Holder.invokeSpecial(java.lang.Object, java.lang.Object, java.lang.Object, java.lang.Object, long)'> (0x000000008a2aabc0) 
thrown [s\src\hotspot\share\interpreter\linkResolver.cpp, line 773]
Event: 10.737 Thread 0x000001bd4e9e43e0 Exception <a 'java/lang/NoSuchMethodError'{0x000000008a2b66d8}: 'java.lang.Object java.lang.invoke.DirectMethodHandle$Holder.invokeSpecial(java.lang.Object, java.lang.Object, java.lang.Object, int, java.lang.Object)'> (0x000000008a2b66d8) 
thrown [s\src\hotspot\share\interpreter\linkResolver.cpp, line 773]
Event: 10.739 Thread 0x000001bd4e9e43e0 Exception <a 'java/lang/NoSuchMethodError'{0x000000008a2bea28}: 'int java.lang.invoke.DirectMethodHandle$Holder.invokeSpecial(java.lang.Object, java.lang.Object, java.lang.Object, int)'> (0x000000008a2bea28) 
thrown [s\src\hotspot\share\interpreter\linkResolver.cpp, line 773]
Event: 10.748 Thread 0x000001bd4e9e43e0 Implicit null exception at 0x000001bd60fe8860 to 0x000001bd60fe8a78
Event: 10.754 Thread 0x000001bd4e9e43e0 Exception <a 'java/lang/NoSuchMethodError'{0x000000008a2e3258}: 'java.lang.Object java.lang.invoke.Invokers$Holder.invokeExact_MT(java.lang.Object, int, java.lang.Object)'> (0x000000008a2e3258) 
thrown [s\src\hotspot\share\interpreter\linkResolver.cpp, line 773]
Event: 10.776 Thread 0x000001bd4e9e43e0 Exception <a 'java/lang/NoSuchMethodError'{0x000000008a148df0}: 'void java.lang.invoke.DirectMethodHandle$Holder.invokeStatic(java.lang.Object, java.lang.Object)'> (0x000000008a148df0) 
thrown [s\src\hotspot\share\interpreter\linkResolver.cpp, line 773]
Event: 11.276 Thread 0x000001bd4e9e43e0 Exception <a 'java/lang/NoSuchMethodError'{0x0000000089aba160}: 'void java.lang.invoke.Invokers$Holder.invokeExact_MT(java.lang.Object, java.lang.Object, java.lang.Object, java.lang.Object)'> (0x0000000089aba160) 
thrown [s\src\hotspot\share\interpreter\linkResolver.cpp, line 773]
Event: 11.327 Thread 0x000001bd4e9e43e0 Exception <a 'java/lang/NoClassDefFoundError'{0x000000008994a458}: com/google/inject/servlet/ServletModuleTargetVisitor> (0x000000008994a458) 
thrown [s\src\hotspot\share\classfile\systemDictionary.cpp, line 302]
Event: 11.490 Thread 0x000001bd4e9e43e0 Exception <a 'java/lang/NoSuchMethodError'{0x00000000897074d0}: 'void java.lang.invoke.DirectMethodHandle$Holder.invokeVirtual(java.lang.Object, java.lang.Object)'> (0x00000000897074d0) 
thrown [s\src\hotspot\share\interpreter\linkResolver.cpp, line 773]
Event: 11.593 Thread 0x000001bd4e9e43e0 Exception <a 'java/lang/NoSuchMethodError'{0x0000000089786a50}: 'java.lang.Object java.lang.invoke.DirectMethodHandle$Holder.invokeStaticInit(java.lang.Object, int, int, int, int)'> (0x0000000089786a50) 
thrown [s\src\hotspot\share\interpreter\linkResolver.cpp, line 773]
Event: 11.978 Thread 0x000001bd4e9e43e0 Implicit null exception at 0x000001bd60fa6324 to 0x000001bd60fa69bc
Event: 11.978 Thread 0x000001bd4e9e43e0 Implicit null exception at 0x000001bd60fa28a0 to 0x000001bd60fa2f3c
Event: 12.305 Thread 0x000001bd4e9e43e0 Exception <a 'java/lang/NoSuchMethodError'{0x00000000890c0320}: 'void java.lang.invoke.DirectMethodHandle$Holder.invokeVirtual(java.lang.Object, java.lang.Object, int)'> (0x00000000890c0320) 
thrown [s\src\hotspot\share\interpreter\linkResolver.cpp, line 773]
Event: 12.307 Thread 0x000001bd4e9e43e0 Exception <a 'java/lang/NoSuchMethodError'{0x00000000890c73e0}: 'void java.lang.invoke.DelegatingMethodHandle$Holder.reinvoke_L(java.lang.Object, java.lang.Object, int)'> (0x00000000890c73e0) 
thrown [s\src\hotspot\share\interpreter\linkResolver.cpp, line 773]
Event: 16.215 Thread 0x000001bd4e9e43e0 Implicit null exception at 0x000001bd6108def5 to 0x000001bd6108f8dc
Event: 16.216 Thread 0x000001bd4e9e43e0 Implicit null exception at 0x000001bd61081b9a to 0x000001bd61081dd8
Event: 16.216 Thread 0x000001bd4e9e43e0 Implicit null exception at 0x000001bd6107238d to 0x000001bd61072c50

ZGC Phase Switch (0 events):
No events

VM Operations (20 events):
Event: 11.331 Executing safepoint VM operation: ICBufferFull
Event: 11.332 Executing safepoint VM operation: ICBufferFull done
Event: 11.519 Executing non-safepoint VM operation: HandshakeAllThreads (Deoptimize)
Event: 11.519 Executing non-safepoint VM operation: HandshakeAllThreads (Deoptimize) done
Event: 11.649 Executing non-safepoint VM operation: HandshakeAllThreads (Deoptimize)
Event: 11.650 Executing non-safepoint VM operation: HandshakeAllThreads (Deoptimize) done
Event: 11.757 Executing non-safepoint VM operation: HandshakeAllThreads (Deoptimize)
Event: 11.757 Executing non-safepoint VM operation: HandshakeAllThreads (Deoptimize) done
Event: 11.899 Executing non-safepoint VM operation: HandshakeAllThreads (Deoptimize)
Event: 11.899 Executing non-safepoint VM operation: HandshakeAllThreads (Deoptimize) done
Event: 12.332 Executing safepoint VM operation: ICBufferFull
Event: 12.332 Executing safepoint VM operation: ICBufferFull done
Event: 13.333 Executing safepoint VM operation: Cleanup
Event: 13.333 Executing safepoint VM operation: Cleanup done
Event: 14.337 Executing safepoint VM operation: Cleanup
Event: 14.337 Executing safepoint VM operation: Cleanup done
Event: 15.341 Executing safepoint VM operation: Cleanup
Event: 15.341 Executing safepoint VM operation: Cleanup done
Event: 16.344 Executing safepoint VM operation: Cleanup
Event: 16.344 Executing safepoint VM operation: Cleanup done

Memory protections (0 events):
No events

Nmethod flushes (0 events):
No events

Events (18 events):
Event: 0.271 Thread 0x000001bd4e9e43e0 Thread added: 0x000001bd4e9e43e0
Event: 0.303 Thread 0x000001bd4e9e43e0 Thread added: 0x000001bd6d942cb0
Event: 0.303 Thread 0x000001bd4e9e43e0 Thread added: 0x000001bd6d943710
Event: 0.304 Thread 0x000001bd4e9e43e0 Thread added: 0x000001bd6d947000
Event: 0.304 Thread 0x000001bd4e9e43e0 Thread added: 0x000001bd6d947a60
Event: 0.304 Thread 0x000001bd4e9e43e0 Thread added: 0x000001bd6d9484c0
Event: 0.304 Thread 0x000001bd4e9e43e0 Thread added: 0x000001bd6d951060
Event: 0.304 Thread 0x000001bd4e9e43e0 Thread added: 0x000001bd6d956a00
Event: 0.305 Thread 0x000001bd4e9e43e0 Thread added: 0x000001bd6d9570b0
Event: 0.328 Thread 0x000001bd4e9e43e0 Thread added: 0x000001bd6da8ea30
Event: 0.336 Thread 0x000001bd4e9e43e0 Thread added: 0x000001bd6da966f0
Event: 8.737 Thread 0x000001bd6d9570b0 Thread added: 0x000001bd725792a0
Event: 8.775 Thread 0x000001bd6d9570b0 Thread added: 0x000001bd7254b740
Event: 10.104 Thread 0x000001bd7254b740 Thread exited: 0x000001bd7254b740
Event: 10.104 Thread 0x000001bd725792a0 Thread exited: 0x000001bd725792a0
Event: 11.124 Thread 0x000001bd6d956a00 Thread added: 0x000001bd723fe800
Event: 13.250 Thread 0x000001bd723fe800 Thread exited: 0x000001bd723fe800
Event: 16.267 Thread 0x000001bd6d9570b0 Thread added: 0x000001bd72aee7c0


Dynamic libraries:
0x00007ff6b1380000 - 0x00007ff6b138e000 	C:\Users\Saanvi Jaiswal\tools\jdk\jdk-21.0.11+10\bin\java.exe
0x00007ff96bda0000 - 0x00007ff96c007000 	C:\WINDOWS\SYSTEM32\ntdll.dll
0x00007ff96aa90000 - 0x00007ff96ab59000 	C:\WINDOWS\System32\KERNEL32.DLL
0x00007ff9687d0000 - 0x00007ff968bc7000 	C:\WINDOWS\System32\KERNELBASE.dll
0x00007ff969820000 - 0x00007ff96996b000 	C:\WINDOWS\System32\ucrtbase.dll
0x00007ff951210000 - 0x00007ff95122e000 	C:\Users\Saanvi Jaiswal\tools\jdk\jdk-21.0.11+10\bin\VCRUNTIME140.dll
0x00007ff952d20000 - 0x00007ff952d38000 	C:\Users\Saanvi Jaiswal\tools\jdk\jdk-21.0.11+10\bin\jli.dll
0x00007ff96b560000 - 0x00007ff96b726000 	C:\WINDOWS\System32\USER32.dll
0x00007ff969970000 - 0x00007ff969997000 	C:\WINDOWS\System32\win32u.dll
0x00007ff969c70000 - 0x00007ff969c9b000 	C:\WINDOWS\System32\GDI32.dll
0x00007ff968e80000 - 0x00007ff968fac000 	C:\WINDOWS\System32\gdi32full.dll
0x00007ff954380000 - 0x00007ff954612000 	C:\WINDOWS\WinSxS\amd64_microsoft.windows.common-controls_6595b64144ccf1df_6.0.26100.8457_none_3e0b2faee331e92d\COMCTL32.dll
0x00007ff96aba0000 - 0x00007ff96ac49000 	C:\WINDOWS\System32\msvcrt.dll
0x00007ff968d10000 - 0x00007ff968db3000 	C:\WINDOWS\System32\msvcp_win.dll
0x00007ff969c30000 - 0x00007ff969c62000 	C:\WINDOWS\System32\IMM32.DLL
0x00007ff961ea0000 - 0x00007ff961eac000 	C:\Users\Saanvi Jaiswal\tools\jdk\jdk-21.0.11+10\bin\vcruntime140_1.dll
0x00007ff946250000 - 0x00007ff9462dd000 	C:\Users\Saanvi Jaiswal\tools\jdk\jdk-21.0.11+10\bin\msvcp140.dll
0x00007ff8fc610000 - 0x00007ff8fd3b2000 	C:\Users\Saanvi Jaiswal\tools\jdk\jdk-21.0.11+10\bin\server\jvm.dll
0x00007ff96a320000 - 0x00007ff96a3d6000 	C:\WINDOWS\System32\ADVAPI32.dll
0x00007ff969b80000 - 0x00007ff969c27000 	C:\WINDOWS\System32\sechost.dll
0x00007ff96a100000 - 0x00007ff96a218000 	C:\WINDOWS\System32\RPCRT4.dll
0x00007ff96ad50000 - 0x00007ff96add0000 	C:\WINDOWS\System32\WS2_32.dll
0x00007ff968630000 - 0x00007ff96868e000 	C:\WINDOWS\SYSTEM32\POWRPROF.dll
0x00007ff955720000 - 0x00007ff955756000 	C:\WINDOWS\SYSTEM32\WINMM.dll
0x00007ff9572e0000 - 0x00007ff9572eb000 	C:\WINDOWS\SYSTEM32\VERSION.dll
0x00007ff968610000 - 0x00007ff968624000 	C:\WINDOWS\SYSTEM32\UMPDC.dll
0x00007ff967520000 - 0x00007ff96753b000 	C:\WINDOWS\SYSTEM32\kernel.appcore.dll
0x00007ff9559c0000 - 0x00007ff9559ca000 	C:\Users\Saanvi Jaiswal\tools\jdk\jdk-21.0.11+10\bin\jimage.dll
0x00007ff9666d0000 - 0x00007ff966912000 	C:\WINDOWS\SYSTEM32\DBGHELP.DLL
0x00007ff96a550000 - 0x00007ff96a8d3000 	C:\WINDOWS\System32\combase.dll
0x00007ff96a450000 - 0x00007ff96a529000 	C:\WINDOWS\System32\OLEAUT32.dll
0x00007ff94e000000 - 0x00007ff94e03b000 	C:\WINDOWS\SYSTEM32\dbgcore.DLL
0x00007ff968c60000 - 0x00007ff968d08000 	C:\WINDOWS\System32\bcryptPrimitives.dll
0x00007ff951170000 - 0x00007ff951190000 	C:\Users\Saanvi Jaiswal\tools\jdk\jdk-21.0.11+10\bin\java.dll
0x00007ff96ade0000 - 0x00007ff96b54e000 	C:\WINDOWS\System32\SHELL32.dll
0x00007ff968fb0000 - 0x00007ff96981c000 	C:\WINDOWS\System32\windows.storage.dll
0x00007ff969e80000 - 0x00007ff969f76000 	C:\WINDOWS\System32\SHCORE.dll
0x00007ff96a3e0000 - 0x00007ff96a446000 	C:\WINDOWS\System32\shlwapi.dll
0x00007ff9686f0000 - 0x00007ff968719000 	C:\WINDOWS\SYSTEM32\profapi.dll
0x00007ff940d50000 - 0x00007ff940e27000 	C:\Users\Saanvi Jaiswal\tools\jdk\jdk-21.0.11+10\bin\jsvml.dll
0x00007ff955760000 - 0x00007ff955770000 	C:\Users\Saanvi Jaiswal\tools\jdk\jdk-21.0.11+10\bin\net.dll
0x00007ff95c640000 - 0x00007ff95c769000 	C:\WINDOWS\SYSTEM32\WINHTTP.dll
0x00007ff967a70000 - 0x00007ff967adc000 	C:\WINDOWS\system32\mswsock.dll
0x00007ff94ce50000 - 0x00007ff94ce66000 	C:\Users\Saanvi Jaiswal\tools\jdk\jdk-21.0.11+10\bin\nio.dll
0x00007ff94c230000 - 0x00007ff94c248000 	C:\Users\Saanvi Jaiswal\tools\jdk\jdk-21.0.11+10\bin\zip.dll
0x0000000069ac0000 - 0x0000000069ae4000 	C:\Users\Saanvi Jaiswal\tools\maven\apache-maven-3.9.6\lib\jansi-native\Windows\x86_64\jansi.dll
0x00007ff952d10000 - 0x00007ff952d20000 	C:\Users\Saanvi Jaiswal\tools\jdk\jdk-21.0.11+10\bin\verify.dll

JVMTI agents: none

dbghelp: loaded successfully - version: 4.0.5 - missing functions: none
symbol engine: initialized successfully - sym options: 0x614 - pdb path: .;C:\Users\Saanvi Jaiswal\tools\jdk\jdk-21.0.11+10\bin;C:\WINDOWS\SYSTEM32;C:\WINDOWS\WinSxS\amd64_microsoft.windows.common-controls_6595b64144ccf1df_6.0.26100.8457_none_3e0b2faee331e92d;C:\Users\Saanvi Jaiswal\tools\jdk\jdk-21.0.11+10\bin\server;C:\Users\Saanvi Jaiswal\tools\maven\apache-maven-3.9.6\lib\jansi-native\Windows\x86_64

VM Arguments:
jvm_args: -Dclassworlds.conf=C:\Users\Saanvi Jaiswal\tools\maven\apache-maven-3.9.6\bin\m2.conf -Dmaven.home=C:\Users\Saanvi Jaiswal\tools\maven\apache-maven-3.9.6 -Dlibrary.jansi.path=C:\Users\Saanvi Jaiswal\tools\maven\apache-maven-3.9.6\lib\jansi-native -Dmaven.multiModuleProjectDirectory=C:\Users\Saanvi Jaiswal\Downloads\beyondselff\backend 
java_command: org.codehaus.plexus.classworlds.launcher.Launcher spring-boot:run -q
java_class_path (initial): C:\Users\Saanvi Jaiswal\tools\maven\apache-maven-3.9.6\boot\plexus-classworlds-2.7.0.jar
Launcher Type: SUN_STANDARD

[Global flags]
     intx CICompilerCount                          = 4                                         {product} {ergonomic}
     uint ConcGCThreads                            = 2                                         {product} {ergonomic}
     uint G1ConcRefinementThreads                  = 8                                         {product} {ergonomic}
   size_t G1HeapRegionSize                         = 1048576                                   {product} {ergonomic}
    uintx GCDrainStackTargetSize                   = 64                                        {product} {ergonomic}
   size_t InitialHeapSize                          = 132120576                                 {product} {ergonomic}
   size_t MarkStackSize                            = 4194304                                   {product} {ergonomic}
   size_t MaxHeapSize                              = 2107637760                                {product} {ergonomic}
   size_t MaxNewSize                               = 1264582656                                {product} {ergonomic}
   size_t MinHeapDeltaBytes                        = 1048576                                   {product} {ergonomic}
   size_t MinHeapSize                              = 8388608                                   {product} {ergonomic}
    uintx NonNMethodCodeHeapSize                   = 5839372                                {pd product} {ergonomic}
    uintx NonProfiledCodeHeapSize                  = 122909434                              {pd product} {ergonomic}
    uintx ProfiledCodeHeapSize                     = 122909434                              {pd product} {ergonomic}
    uintx ReservedCodeCacheSize                    = 251658240                              {pd product} {ergonomic}
     bool SegmentedCodeCache                       = true                                      {product} {ergonomic}
   size_t SoftMaxHeapSize                          = 2107637760                             {manageable} {ergonomic}
     bool UseCompressedOops                        = true                           {product lp64_product} {ergonomic}
     bool UseG1GC                                  = true                                      {product} {ergonomic}
     bool UseLargePagesIndividualAllocation        = false                                  {pd product} {ergonomic}

Logging:
Log output configuration:
 #0: stdout all=warning uptime,level,tags foldmultilines=false
 #1: stderr all=off uptime,level,tags foldmultilines=false

Release file:
IMPLEMENTOR="Eclipse Adoptium" 
IMPLEMENTOR_VERSION="Temurin-21.0.11+10" 
JAVA_RUNTIME_VERSION="21.0.11+10-LTS" 
JAVA_VERSION="21.0.11" 
JAVA_VERSION_DATE="2026-04-21" 
LIBC="default" 
MODULES="java.base java.compiler java.datatransfer java.xml java.prefs java.desktop java.instrument java.logging java.management java.security.sasl java.naming java.rmi java.management.rmi java.net.http java.scripting java.security.jgss java.transaction.xa java.sql java.sql.rowset java.xml.crypto java.se java.smartcardio jdk.accessibility jdk.internal.jvmstat jdk.attach jdk.charsets jdk.internal.opt jdk.zipfs jdk.compiler jdk.crypto.ec jdk.crypto.cryptoki jdk.crypto.mscapi jdk.dynalink jdk.internal.ed jdk.editpad jdk.hotspot.agent jdk.httpserver jdk.incubator.vector jdk.internal.le jdk.internal.vm.ci jdk.internal.vm.compiler jdk.internal.vm.compiler.management jdk.jartool jdk.javadoc jdk.jcmd jdk.management jdk.management.agent jdk.jconsole jdk.jdeps jdk.jdwp.agent jdk.jdi jdk.jfr jdk.jlink jdk.jpackage jdk.jshell jdk.jsobject jdk.jstatd jdk.localedata jdk.management.jfr jdk.naming.dns jdk.naming.rmi jdk.net jdk.nio.mapmode jdk.random jdk.sctp jdk.security.auth jdk.security.jgss jdk.unsupported jdk.unsupported.desktop jdk.xml.dom" 
OS_ARCH="x86_64" 
OS_NAME="Windows" 
SOURCE=".:git:254494ad7d75" 
BUILD_SOURCE="git:a612825ee82a20ac872d60958c349854c1f29a8e"
BUILD_SOURCE_REPO="https://github.com/adoptium/temurin-build.git"
SOURCE_REPO="https://github.com/adoptium/jdk21u.git"
FULL_VERSION="21.0.11+10-LTS"
SEMANTIC_VERSION="21.0.11+10"
BUILD_INFO="OS: Windows Server 2022 Version: 10.0"
JVM_VARIANT="Hotspot"
JVM_VERSION="21.0.11+10-LTS"
IMAGE_TYPE="JDK"

Environment Variables:
JAVA_HOME=C:\Users\Saanvi Jaiswal\tools\jdk\jdk-21.0.11+10
PATH=C:\Users\Saanvi Jaiswal\tools\jdk\jdk-21.0.11+10\bin;C:\Users\Saanvi Jaiswal\tools\maven\apache-maven-3.9.6\bin;C:\Python313\Scripts\;C:\Python313\;C:\WINDOWS\system32;C:\WINDOWS;C:\WINDOWS\System32\Wbem;C:\WINDOWS\System32\WindowsPowerShell\v1.0\;C:\WINDOWS\System32\OpenSSH\;C:\Program Files\Git\cmd;C:\Program Files\nodejs\;C:\ProgramData\chocolatey\bin;C:\Program Files\Docker\Docker\resources\bin;C:\Users\Saanvi Jaiswal\AppData\Local\Microsoft\WindowsApps;C:\Users\Saanvi Jaiswal\AppData\Local\Programs\Microsoft VS Code\bin;C:\Users\Saanvi Jaiswal\AppData\Roaming\npm;C:\Users\Saanvi Jaiswal\AppData\Local\Python\bin;C:\Users\Saanvi Jaiswal\AppData\Local\Programs\Antigravity\bin
USERNAME=Saanvi Jaiswal
OS=Windows_NT
PROCESSOR_IDENTIFIER=Intel64 Family 6 Model 142 Stepping 10, GenuineIntel
TMP=C:\Users\SAANVI~1\AppData\Local\Temp
TEMP=C:\Users\SAANVI~1\AppData\Local\Temp




Periodic native trim disabled

---------------  S Y S T E M  ---------------

OS:
 Windows 11 , 64 bit Build 26100 (10.0.26100.8328)
OS uptime: 0 days 5:10 hours
Hyper-V role detected

CPU: total 8 (initial active 8) (4 cores per cpu, 2 threads per core) family 6 model 142 stepping 10 microcode 0xf6, cx8, cmov, fxsr, ht, mmx, 3dnowpref, sse, sse2, sse3, ssse3, sse4.1, sse4.2, popcnt, lzcnt, tsc, tscinvbit, avx, avx2, aes, erms, clmul, bmi1, bmi2, rtm, adx, fma, vzeroupper, clflush, clflushopt, hv, rdtscp, f16c
Processor Information for the first 8 processors :
  Max Mhz: 2112, Current Mhz: 1910, Mhz Limit: 1900

Memory: 4k page, system-wide physical 8035M (489M free)
TotalPageFile size 24236M (AvailPageFile size 57M)
current process WorkingSet (physical memory assigned to process): 130M, peak: 130M
current process commit charge ("private bytes"): 244M, peak: 247M

vm_info: OpenJDK 64-Bit Server VM (21.0.11+10-LTS) for windows-amd64 JRE (21.0.11+10-LTS), built on 2026-04-21T00:00:00Z by "admin" with MS VC++ 17.12 (VS2022)

END.
